[2026-03-17 15:13:18] ==========================================
[2026-03-17 15:13:18] Starting benchmark
[2026-03-17 15:13:18] ==========================================
[2026-03-17 15:13:18] Output: benchmark_results_20260317_151318
[2026-03-17 15:13:18] Runs per config: 1
[2026-03-17 15:13:18] 
[2026-03-17 15:13:18] === Horizontal strong scaling ===
[2026-03-17 15:13:18] Stopping all workers...
stopping org.apache.spark.deploy.worker.Worker
no org.apache.spark.deploy.worker.Worker to stop
no org.apache.spark.deploy.worker.Worker to stop
[2026-03-17 15:13:25] Starting 1 worker(s)...
starting org.apache.spark.deploy.worker.Worker, logging to /home/ubuntu/spark/logs/spark-ubuntu-org.apache.spark.deploy.worker.Worker-1-group42-worker1.out
[2026-03-17 15:13:28]   -> group42-worker1 up
[2026-03-17 15:13:38] --- horizontal_strong | Test A | Run 1/1 ---
[2026-03-17 15:13:38]     workers=1 cores=2 mem=2g data=0.5
[2026-03-17 15:13:48]     FAILED (exit 1) — see benchmark_results_20260317_151318/horizontal_strong_A_run1.log
[2026-03-17 15:13:48] 
[2026-03-17 15:13:48] ==========================================
[2026-03-17 15:13:48] Benchmark finished
[2026-03-17 15:13:48] ==========================================
[2026-03-17 15:13:48] CSV:    benchmark_results_20260317_151318/results.csv
[2026-03-17 15:13:48] Log:    benchmark_results_20260317_151318/benchmark.log
[2026-03-17 15:13:48] Spark:  benchmark_results_20260317_151318/spark_logs/
[2026-03-17 15:13:48] 
[2026-03-17 15:13:48] Results:
experiment,test,run,workers,dataset_size,executor_cores,executor_memory,runtime_seconds
horizontal_strong,A,1,1,9GB,2,2g,FAILED
[2026-03-17 15:13:48] Stopping all workers...
stopping org.apache.spark.deploy.worker.Worker
no org.apache.spark.deploy.worker.Worker to stop
no org.apache.spark.deploy.worker.Worker to stop
[2026-03-17 15:13:54] 
[2026-03-17 15:13:54] Pass benchmark_results_20260317_151318/results.csv to the reporter for plotting.
