[2026-03-17 15:20:56] ==========================================
[2026-03-17 15:20:56] Starting benchmark
[2026-03-17 15:20:56] ==========================================
[2026-03-17 15:20:56] Output: benchmark_results_20260317_152056
[2026-03-17 15:20:56] Runs per config: 1
[2026-03-17 15:20:56] 
[2026-03-17 15:20:56] === Horizontal strong scaling ===
[2026-03-17 15:20:56] Stopping all workers...
no org.apache.spark.deploy.worker.Worker to stop
no org.apache.spark.deploy.worker.Worker to stop
no org.apache.spark.deploy.worker.Worker to stop
[2026-03-17 15:21:03] Starting 1 worker(s)...
starting org.apache.spark.deploy.worker.Worker, logging to /home/ubuntu/spark/logs/spark-ubuntu-org.apache.spark.deploy.worker.Worker-1-group42-worker1.out
[2026-03-17 15:21:06]   -> group42-worker1 up
[2026-03-17 15:21:16] --- horizontal_strong | Test A | Run 1/1 ---
[2026-03-17 15:21:16]     workers=1 cores=2 mem=2g data=0.5
[2026-03-17 15:21:25]     FAILED (exit 1) — see benchmark_results_20260317_152056/horizontal_strong_A_run1.log
[2026-03-17 15:21:25] 
[2026-03-17 15:21:25] ==========================================
[2026-03-17 15:21:25] Benchmark finished
[2026-03-17 15:21:25] ==========================================
[2026-03-17 15:21:25] CSV:    benchmark_results_20260317_152056/results.csv
[2026-03-17 15:21:25] Log:    benchmark_results_20260317_152056/benchmark.log
[2026-03-17 15:21:25] Spark:  benchmark_results_20260317_152056/spark_logs/
[2026-03-17 15:21:25] 
[2026-03-17 15:21:25] Results:
experiment,test,run,workers,dataset_size,executor_cores,executor_memory,runtime_seconds
horizontal_strong,A,1,1,9GB,2,2g,FAILED
[2026-03-17 15:21:25] Stopping all workers...
stopping org.apache.spark.deploy.worker.Worker
no org.apache.spark.deploy.worker.Worker to stop
no org.apache.spark.deploy.worker.Worker to stop
[2026-03-17 15:21:31] 
[2026-03-17 15:21:31] Pass benchmark_results_20260317_152056/results.csv to the reporter for plotting.
