[2026-03-17 15:58:26] ==========================================
[2026-03-17 15:58:26] Starting benchmark
[2026-03-17 15:58:26] ==========================================
[2026-03-17 15:58:26] Output: benchmark_results_20260317_155826
[2026-03-17 15:58:26] Runs per config: 1
[2026-03-17 15:58:26] 
[2026-03-17 15:58:26] === Horizontal strong scaling ===
[2026-03-17 15:58:26] Stopping all workers...
stopping org.apache.spark.deploy.worker.Worker
no org.apache.spark.deploy.worker.Worker to stop
no org.apache.spark.deploy.worker.Worker to stop
[2026-03-17 15:58:43] Starting 1 worker(s)...
starting org.apache.spark.deploy.worker.Worker, logging to /home/ubuntu/spark/logs/spark-ubuntu-org.apache.spark.deploy.worker.Worker-1-group42-worker1.out
[2026-03-17 15:58:48]   -> group42-worker1 up
[2026-03-17 15:58:58] --- horizontal_strong | Test A | Run 1/1 ---
[2026-03-17 15:58:58]     workers=1 cores=2 mem=2g data=0.5
[2026-03-17 16:13:46]     done in 885.735761793s
[2026-03-17 16:13:46] 
[2026-03-17 16:13:46] ==========================================
[2026-03-17 16:13:46] Benchmark finished
[2026-03-17 16:13:46] ==========================================
[2026-03-17 16:13:46] CSV:    benchmark_results_20260317_155826/results.csv
[2026-03-17 16:13:46] Log:    benchmark_results_20260317_155826/benchmark.log
[2026-03-17 16:13:46] Spark:  benchmark_results_20260317_155826/spark_logs/
[2026-03-17 16:13:46] 
[2026-03-17 16:13:46] Results:
experiment,test,run,workers,dataset_size,executor_cores,executor_memory,runtime_seconds
horizontal_strong,A,1,1,9GB,2,2g,885.735761793
[2026-03-17 16:13:46] Stopping all workers...
stopping org.apache.spark.deploy.worker.Worker
no org.apache.spark.deploy.worker.Worker to stop
no org.apache.spark.deploy.worker.Worker to stop
[2026-03-17 16:14:52] 
[2026-03-17 16:14:52] Pass benchmark_results_20260317_155826/results.csv to the reporter for plotting.
