[2026-03-18 14:41:35] ==========================================
[2026-03-18 14:41:35] Starting benchmark
[2026-03-18 14:41:35] ==========================================
[2026-03-18 14:41:35] Output: benchmark_results_20260318_144135
[2026-03-18 14:41:35] Runs per config: 3
[2026-03-18 14:41:35] 
[2026-03-18 14:41:35] === Horizontal strong scaling ===
[2026-03-18 14:41:35] Stopping all workers...
stopping org.apache.spark.deploy.worker.Worker
stopping org.apache.spark.deploy.worker.Worker
no org.apache.spark.deploy.worker.Worker to stop
[2026-03-18 14:42:37] Starting 1 worker(s)...
starting org.apache.spark.deploy.worker.Worker, logging to /home/ubuntu/spark/logs/spark-ubuntu-org.apache.spark.deploy.worker.Worker-1-group42-worker1.out
[2026-03-18 14:42:44]   -> group42-worker1 up
[2026-03-18 14:42:54] --- horizontal_strong | Test A | Run 1/3 ---
[2026-03-18 14:42:54]     workers=1 cores=2 mem=2g data=0.25
Deleted hdfs://group42-master:9000/user/ubuntu/benchmark_output/horizontal_strong_A_run1
[2026-03-18 14:58:48]     done in 952.226768254s
[2026-03-18 14:58:48] --- horizontal_strong | Test A | Run 2/3 ---
[2026-03-18 14:58:48]     workers=1 cores=2 mem=2g data=0.25
[2026-03-18 15:29:23]     done in 1833.245610944s
[2026-03-18 15:29:23] --- horizontal_strong | Test A | Run 3/3 ---
[2026-03-18 15:29:23]     workers=1 cores=2 mem=2g data=0.25
[2026-03-18 15:54:36]     done in 1510.814347900s
[2026-03-18 15:54:36] Stopping all workers...
stopping org.apache.spark.deploy.worker.Worker
no org.apache.spark.deploy.worker.Worker to stop
no org.apache.spark.deploy.worker.Worker to stop
[2026-03-18 15:55:34] Starting 2 worker(s)...
starting org.apache.spark.deploy.worker.Worker, logging to /home/ubuntu/spark/logs/spark-ubuntu-org.apache.spark.deploy.worker.Worker-1-group42-worker1.out
failed to launch: nice -n 0 /home/ubuntu/spark/bin/spark-class org.apache.spark.deploy.worker.Worker --webui-port 8081 spark://group42-master:7077
full log in /home/ubuntu/spark/logs/spark-ubuntu-org.apache.spark.deploy.worker.Worker-1-group42-worker1.out
[2026-03-18 15:55:58]   -> group42-worker1 up
starting org.apache.spark.deploy.worker.Worker, logging to /home/ubuntu/spark/logs/spark-ubuntu-org.apache.spark.deploy.worker.Worker-1-group42-worker2.out
failed to launch: nice -n 0 /home/ubuntu/spark/bin/spark-class org.apache.spark.deploy.worker.Worker --webui-port 8081 spark://group42-master:7077
full log in /home/ubuntu/spark/logs/spark-ubuntu-org.apache.spark.deploy.worker.Worker-1-group42-worker2.out
[2026-03-18 15:56:07]   -> group42-worker2 up
[2026-03-18 15:56:17] --- horizontal_strong | Test B | Run 1/3 ---
[2026-03-18 15:56:17]     workers=2 cores=2 mem=2g data=0.25
[2026-03-18 16:12:49]     done in 990.353080084s
[2026-03-18 16:12:49] --- horizontal_strong | Test B | Run 2/3 ---
[2026-03-18 16:12:49]     workers=2 cores=2 mem=2g data=0.25
[2026-03-18 16:34:04]     done in 1273.722884944s
[2026-03-18 16:34:04] --- horizontal_strong | Test B | Run 3/3 ---
[2026-03-18 16:34:04]     workers=2 cores=2 mem=2g data=0.25
[2026-03-18 16:49:21]     done in 915.131960260s
[2026-03-18 16:49:21] Stopping all workers...
stopping org.apache.spark.deploy.worker.Worker
stopping org.apache.spark.deploy.worker.Worker
no org.apache.spark.deploy.worker.Worker to stop
[2026-03-18 16:50:42] Starting 3 worker(s)...
starting org.apache.spark.deploy.worker.Worker, logging to /home/ubuntu/spark/logs/spark-ubuntu-org.apache.spark.deploy.worker.Worker-1-group42-worker1.out
failed to launch: nice -n 0 /home/ubuntu/spark/bin/spark-class org.apache.spark.deploy.worker.Worker --webui-port 8081 spark://group42-master:7077
full log in /home/ubuntu/spark/logs/spark-ubuntu-org.apache.spark.deploy.worker.Worker-1-group42-worker1.out
[2026-03-18 16:50:52]   -> group42-worker1 up
starting org.apache.spark.deploy.worker.Worker, logging to /home/ubuntu/spark/logs/spark-ubuntu-org.apache.spark.deploy.worker.Worker-1-group42-worker2.out
failed to launch: nice -n 0 /home/ubuntu/spark/bin/spark-class org.apache.spark.deploy.worker.Worker --webui-port 8081 spark://group42-master:7077
full log in /home/ubuntu/spark/logs/spark-ubuntu-org.apache.spark.deploy.worker.Worker-1-group42-worker2.out
[2026-03-18 16:51:00]   -> group42-worker2 up
starting org.apache.spark.deploy.worker.Worker, logging to /home/ubuntu/spark/logs/spark-ubuntu-org.apache.spark.deploy.worker.Worker-1-group42-worker3.out
failed to launch: nice -n 0 /home/ubuntu/spark/bin/spark-class org.apache.spark.deploy.worker.Worker --webui-port 8081 spark://group42-master:7077
full log in /home/ubuntu/spark/logs/spark-ubuntu-org.apache.spark.deploy.worker.Worker-1-group42-worker3.out
[2026-03-18 16:51:08]   -> group42-worker3 up
[2026-03-18 16:51:18] --- horizontal_strong | Test C | Run 1/3 ---
[2026-03-18 16:51:18]     workers=3 cores=2 mem=2g data=0.25
[2026-03-18 17:03:18]     done in 718.296052694s
[2026-03-18 17:03:18] --- horizontal_strong | Test C | Run 2/3 ---
[2026-03-18 17:03:18]     workers=3 cores=2 mem=2g data=0.25
[2026-03-18 17:20:05]     done in 1002.669173157s
[2026-03-18 17:20:05] --- horizontal_strong | Test C | Run 3/3 ---
[2026-03-18 17:20:05]     workers=3 cores=2 mem=2g data=0.25
[2026-03-18 17:36:59]     done in 1012.548065548s
[2026-03-18 17:36:59] 
[2026-03-18 17:36:59] === Horizontal weak scaling ===
[2026-03-18 17:36:59] Stopping all workers...
stopping org.apache.spark.deploy.worker.Worker
stopping org.apache.spark.deploy.worker.Worker
stopping org.apache.spark.deploy.worker.Worker
[2026-03-18 17:38:41] Starting 1 worker(s)...
starting org.apache.spark.deploy.worker.Worker, logging to /home/ubuntu/spark/logs/spark-ubuntu-org.apache.spark.deploy.worker.Worker-1-group42-worker1.out
failed to launch: nice -n 0 /home/ubuntu/spark/bin/spark-class org.apache.spark.deploy.worker.Worker --webui-port 8081 spark://group42-master:7077
full log in /home/ubuntu/spark/logs/spark-ubuntu-org.apache.spark.deploy.worker.Worker-1-group42-worker1.out
[2026-03-18 17:38:50]   -> group42-worker1 up
[2026-03-18 17:39:00] --- horizontal_weak | Test A | Run 1/3 ---
[2026-03-18 17:39:00]     workers=1 cores=2 mem=2g data=0.167
