[2026-03-17 15:51:15] ==========================================
[2026-03-17 15:51:15] Starting benchmark
[2026-03-17 15:51:15] ==========================================
[2026-03-17 15:51:15] Output: benchmark_results_20260317_155115
[2026-03-17 15:51:15] Runs per config: 1
[2026-03-17 15:51:15] 
[2026-03-17 15:51:15] === Horizontal strong scaling ===
[2026-03-17 15:51:15] Stopping all workers...
no org.apache.spark.deploy.worker.Worker to stop
no org.apache.spark.deploy.worker.Worker to stop
no org.apache.spark.deploy.worker.Worker to stop
[2026-03-17 15:51:29] Starting 1 worker(s)...
starting org.apache.spark.deploy.worker.Worker, logging to /home/ubuntu/spark/logs/spark-ubuntu-org.apache.spark.deploy.worker.Worker-1-group42-worker1.out
[2026-03-17 15:51:37]   -> group42-worker1 up
[2026-03-17 15:51:47] --- horizontal_strong | Test A | Run 1/1 ---
[2026-03-17 15:51:47]     workers=1 cores=2 mem=2g data=0.5
Deleted hdfs://group42-master:9000/user/ubuntu/benchmark_output/horizontal_strong_A_run1
[2026-03-17 15:53:18]     FAILED (exit 130) — see benchmark_results_20260317_155115/horizontal_strong_A_run1.log
[2026-03-17 15:53:18] 
[2026-03-17 15:53:18] ==========================================
[2026-03-17 15:53:18] Benchmark finished
[2026-03-17 15:53:18] ==========================================
[2026-03-17 15:53:18] CSV:    benchmark_results_20260317_155115/results.csv
[2026-03-17 15:53:18] Log:    benchmark_results_20260317_155115/benchmark.log
[2026-03-17 15:53:18] Spark:  benchmark_results_20260317_155115/spark_logs/
[2026-03-17 15:53:18] 
[2026-03-17 15:53:18] Results:
experiment,test,run,workers,dataset_size,executor_cores,executor_memory,runtime_seconds
horizontal_strong,A,1,1,9GB,2,2g,FAILED
[2026-03-17 15:53:18] Stopping all workers...
